../Core/Src/main.c:74:6:delay	16	static
../Core/Src/main.c:87:6:Set_Pin_Output	40	static
../Core/Src/main.c:95:6:Set_Pin_Input	40	static
../Core/Src/main.c:103:6:DHT11_Start	8	static
../Core/Src/main.c:113:9:Check_Response	16	static
../Core/Src/main.c:128:9:DHT11_Read	16	static
../Core/Src/main.c:160:5:main	72	static
../Core/Src/main.c:246:6:SystemClock_Config	88	static
../Core/Src/main.c:293:13:MX_ADC1_Init	24	static
../Core/Src/main.c:345:13:MX_TIM1_Init	32	static
../Core/Src/main.c:391:13:MX_USART1_UART_Init	8	static
../Core/Src/main.c:424:13:MX_USART2_UART_Init	8	static
../Core/Src/main.c:457:13:MX_GPIO_Init	48	static
../Core/Src/main.c:493:6:Error_Handler	4	static,ignoring_inline_asm
