../Core/Src/main.c:72:6:delay	16	static
../Core/Src/main.c:77:6:Set_Pin_Output	40	static
../Core/Src/main.c:85:6:Set_Pin_Input	40	static
../Core/Src/main.c:93:6:DHT11_Start	8	static
../Core/Src/main.c:103:9:Check_Response	16	static
../Core/Src/main.c:118:9:DHT11_Read	16	static
../Core/Src/main.c:141:5:main	88	static
../Core/Src/main.c:214:6:SystemClock_Config	88	static
../Core/Src/main.c:261:13:MX_ADC1_Init	24	static
../Core/Src/main.c:313:13:MX_TIM1_Init	32	static
../Core/Src/main.c:359:13:MX_USART2_UART_Init	8	static
../Core/Src/main.c:392:13:MX_GPIO_Init	48	static
../Core/Src/main.c:428:6:Error_Handler	4	static,ignoring_inline_asm
